// Jest Snapshot v1, https://goo.gl/fbAQLP

exports[`matches snapshot 1`] = `
.emotion-0 {
  max-width: 200px;
}

<div
  className="col-md-3 flex-grow-1 mb-4"
>
  <div
    className="pl-0 pr-0 h-100 card"
  >
    <div
      className="card-header"
    >
      a card!
    </div>
    <div
      className="d-flex flex-column card-body"
    >
      <figure
        className="figure mx-auto d-block mb-auto border-bottom pb-2"
      >
        <img
          alt="a card! card image"
          className="mx-auto d-block figure-img img-fluid emotion-0 flex-grow-1 card-img-top"
          src="someimage.com"
        />
        <figcaption
          className="figure-caption text-right"
        >
          a card!
        </figcaption>
      </figure>
      <div
        className="pt-2 pb-2"
      >
        <p
          className="card-text"
        >
          <span
            className="font-weight-bolder"
          >
            Card info:
          </span>
           
          Here is what this card does
        </p>
        <p
          className="card-text"
        >
          <span
            className="font-weight-bolder"
          >
            Set Name:
          </span>
           
          I belong to this set
        </p>
      </div>
      <button
        aria-label={null}
        className="btn btn-primary"
        onClick={[Function]}
        type="button"
      >
        Add to my cards
      </button>
    </div>
  </div>
</div>
`;
