// Jest Snapshot v1, https://goo.gl/fbAQLP

exports[`matches snapshot 1`] = `
<nav
  className="mb-3 sticky-top navbar navbar-expand-md navbar-light bg-light"
>
  <div
    className="container"
  >
    <a
      className="navbar-brand"
      href="/"
    >
      <img
        alt="Magic the Gathering logo"
        className="img-fluid"
        src="magic-banner-730x280.jpg"
        width={175}
      />
    </a>
    <p
      className="m-0"
    >
      20 Cards
    </p>
    <button
      aria-label={null}
      className="btn btn-primary disabled"
      disabled={true}
      onClick={[Function]}
      type="button"
    >
      Show my cards 
      <span
        className="badge badge-light"
      >
        0
      </span>
    </button>
  </div>
</nav>
`;
